Info: Starting: Create block symbol file (.bsf)
Info: qsys-generate C:\Users\jonathanxue\Developer\DAV\pitch-game\fft_64.qsys --block-symbol-file --output-directory=C:\Users\jonathanxue\Developer\DAV\pitch-game\fft_64 --family="MAX 10" --part=10M50DAF484C7G
Progress: Loading pitch-game/fft_64.qsys
Progress: Reading input file
Progress: Adding fft_ii_0 [altera_fft_ii 23.1]
Progress: Parameterizing module fft_ii_0
Progress: Building connections
Progress: Parameterizing connections
Progress: Validating
Progress: Done reading input file
Info: fft_64.fft_ii_0: Radix-2 digit reverse implied
Info: qsys-generate succeeded.
Info: Finished: Create block symbol file (.bsf)
Info: 
Info: Starting: Create HDL design files for synthesis
Info: qsys-generate C:\Users\jonathanxue\Developer\DAV\pitch-game\fft_64.qsys --synthesis=VERILOG --output-directory=C:\Users\jonathanxue\Developer\DAV\pitch-game\fft_64\synthesis --family="MAX 10" --part=10M50DAF484C7G
Progress: Loading pitch-game/fft_64.qsys
Progress: Reading input file
Progress: Adding fft_ii_0 [altera_fft_ii 23.1]
Progress: Parameterizing module fft_ii_0
Progress: Building connections
Progress: Parameterizing connections
Progress: Validating
Progress: Done reading input file
Info: fft_64.fft_ii_0: Radix-2 digit reverse implied
Info: fft_64: Generating fft_64 "fft_64" for QUARTUS_SYNTH
Info: fft_ii_0: --- add file: fft_64_fft_ii_0_opt_twi1.hex
Info: fft_ii_0: --- add file: fft_64_fft_ii_0_opt_twr1.hex
Info: fft_ii_0: --- add file: fft_64_fft_ii_0_opt_twi2.hex
Info: fft_ii_0: --- add file: fft_64_fft_ii_0_opt_twr2.hex
Info: fft_ii_0: "fft_64" instantiated altera_fft_ii "fft_ii_0"
Info: fft_64: Done "fft_64" with 2 modules, 46 files
Info: qsys-generate succeeded.
Info: Finished: Create HDL design files for synthesis
