Analysis & Synthesis report for pitch_game_top
Sat May 24 22:39:26 2025
Quartus Prime Version 23.1std.1 Build 993 05/14/2024 SC Lite Edition


---------------------
; Table of Contents ;
---------------------
  1. Legal Notice
  2. Analysis & Synthesis Summary
  3. Analysis & Synthesis Settings
  4. Parallel Compilation
  5. Analysis & Synthesis Source Files Read
  6. Analysis & Synthesis Resource Usage Summary
  7. Analysis & Synthesis Resource Utilization by Entity
  8. State Machine - |get_height_tb|get_height:DUT|fft_16:fft_inst|curr
  9. Registers Removed During Synthesis
 10. Removed Registers Triggering Further Register Optimizations
 11. General Register Statistics
 12. Parameter Settings for User Entity Instance: get_height:DUT|fft_16:fft_inst
 13. Parameter Settings for User Entity Instance: get_height:DUT|fft_16:fft_inst|butterfly:fft0
 14. Parameter Settings for User Entity Instance: get_height:DUT|fft_16:fft_inst|butterfly:fft1
 15. Parameter Settings for User Entity Instance: get_height:DUT|fft_16:fft_inst|butterfly:fft2
 16. Parameter Settings for User Entity Instance: get_height:DUT|fft_16:fft_inst|butterfly:fft3
 17. Parameter Settings for User Entity Instance: get_height:DUT|fft_16:fft_inst|butterfly:fft4
 18. Parameter Settings for User Entity Instance: get_height:DUT|fft_16:fft_inst|butterfly:fft5
 19. Parameter Settings for User Entity Instance: get_height:DUT|fft_16:fft_inst|butterfly:fft6
 20. Parameter Settings for User Entity Instance: get_height:DUT|fft_16:fft_inst|butterfly:fft7
 21. Parameter Settings for User Entity Instance: get_height:DUT|fft_16:fft_inst|butterfly:fft8
 22. Parameter Settings for User Entity Instance: get_height:DUT|fft_16:fft_inst|butterfly:fft9
 23. Parameter Settings for User Entity Instance: get_height:DUT|fft_16:fft_inst|butterfly:fft10
 24. Parameter Settings for User Entity Instance: get_height:DUT|fft_16:fft_inst|butterfly:fft11
 25. Parameter Settings for User Entity Instance: get_height:DUT|fft_16:fft_inst|butterfly:fft12
 26. Parameter Settings for User Entity Instance: get_height:DUT|fft_16:fft_inst|butterfly:fft13
 27. Parameter Settings for User Entity Instance: get_height:DUT|fft_16:fft_inst|butterfly:fft14
 28. Parameter Settings for User Entity Instance: get_height:DUT|fft_16:fft_inst|butterfly:fft15
 29. Parameter Settings for User Entity Instance: get_height:DUT|fft_16:fft_inst|butterfly:fft16
 30. Parameter Settings for User Entity Instance: get_height:DUT|fft_16:fft_inst|butterfly:fft17
 31. Parameter Settings for User Entity Instance: get_height:DUT|fft_16:fft_inst|butterfly:fft18
 32. Parameter Settings for User Entity Instance: get_height:DUT|fft_16:fft_inst|butterfly:fft19
 33. Parameter Settings for User Entity Instance: get_height:DUT|fft_16:fft_inst|butterfly:fft20
 34. Parameter Settings for User Entity Instance: get_height:DUT|fft_16:fft_inst|butterfly:fft21
 35. Parameter Settings for User Entity Instance: get_height:DUT|fft_16:fft_inst|butterfly:fft22
 36. Parameter Settings for User Entity Instance: get_height:DUT|fft_16:fft_inst|butterfly:fft23
 37. Parameter Settings for User Entity Instance: get_height:DUT|fft_16:fft_inst|butterfly:fft24
 38. Parameter Settings for User Entity Instance: get_height:DUT|fft_16:fft_inst|butterfly:fft25
 39. Parameter Settings for User Entity Instance: get_height:DUT|fft_16:fft_inst|butterfly:fft26
 40. Parameter Settings for User Entity Instance: get_height:DUT|fft_16:fft_inst|butterfly:fft27
 41. Parameter Settings for User Entity Instance: get_height:DUT|fft_16:fft_inst|butterfly:fft28
 42. Parameter Settings for User Entity Instance: get_height:DUT|fft_16:fft_inst|butterfly:fft29
 43. Parameter Settings for User Entity Instance: get_height:DUT|fft_16:fft_inst|butterfly:fft30
 44. Parameter Settings for User Entity Instance: get_height:DUT|fft_16:fft_inst|butterfly:fft31
 45. Port Connectivity Checks: "get_height:DUT|fft_16:fft_inst"
 46. Port Connectivity Checks: "get_height:DUT"
 47. Post-Synthesis Netlist Statistics for Top Partition
 48. Elapsed Time Per Partition
 49. Analysis & Synthesis Messages
 50. Analysis & Synthesis Suppressed Messages



----------------
; Legal Notice ;
----------------
Copyright (C) 2024  Intel Corporation. All rights reserved.
Your use of Intel Corporation's design tools, logic functions 
and other software and tools, and any partner logic 
functions, and any output files from any of the foregoing 
(including device programming or simulation files), and any 
associated documentation or information are expressly subject 
to the terms and conditions of the Intel Program License 
Subscription Agreement, the Intel Quartus Prime License Agreement,
the Intel FPGA IP License Agreement, or other applicable license
agreement, including, without limitation, that your use is for
the sole purpose of programming logic devices manufactured by
Intel and sold by Intel or its authorized distributors.  Please
refer to the applicable agreement for further details, at
https://fpgasoftware.intel.com/eula.



+-------------------------------------------------------------------------------------+
; Analysis & Synthesis Summary                                                        ;
+------------------------------------+------------------------------------------------+
; Analysis & Synthesis Status        ; Successful - Sat May 24 22:39:26 2025          ;
; Quartus Prime Version              ; 23.1std.1 Build 993 05/14/2024 SC Lite Edition ;
; Revision Name                      ; pitch_game_top                                 ;
; Top-level Entity Name              ; get_height_tb                                  ;
; Family                             ; MAX 10                                         ;
; Total logic elements               ; 0                                              ;
;     Total combinational functions  ; 0                                              ;
;     Dedicated logic registers      ; 0                                              ;
; Total registers                    ; 0                                              ;
; Total pins                         ; 15                                             ;
; Total virtual pins                 ; 0                                              ;
; Total memory bits                  ; 0                                              ;
; Embedded Multiplier 9-bit elements ; 0                                              ;
; Total PLLs                         ; 0                                              ;
; UFM blocks                         ; 0                                              ;
; ADC blocks                         ; 0                                              ;
+------------------------------------+------------------------------------------------+


+------------------------------------------------------------------------------------------------------------+
; Analysis & Synthesis Settings                                                                              ;
+------------------------------------------------------------------+--------------------+--------------------+
; Option                                                           ; Setting            ; Default Value      ;
+------------------------------------------------------------------+--------------------+--------------------+
; Device                                                           ; 10M50DAF484C7G     ;                    ;
; Top-level entity name                                            ; get_height_tb      ; pitch_game_top     ;
; Family name                                                      ; MAX 10             ; Cyclone V          ;
; Use smart compilation                                            ; Off                ; Off                ;
; Enable parallel Assembler and Timing Analyzer during compilation ; On                 ; On                 ;
; Enable compact report table                                      ; Off                ; Off                ;
; Restructure Multiplexers                                         ; Auto               ; Auto               ;
; Create Debugging Nodes for IP Cores                              ; Off                ; Off                ;
; Preserve fewer node names                                        ; On                 ; On                 ;
; Intel FPGA IP Evaluation Mode                                    ; Enable             ; Enable             ;
; Verilog Version                                                  ; Verilog_2001       ; Verilog_2001       ;
; VHDL Version                                                     ; VHDL_1993          ; VHDL_1993          ;
; State Machine Processing                                         ; Auto               ; Auto               ;
; Safe State Machine                                               ; Off                ; Off                ;
; Extract Verilog State Machines                                   ; On                 ; On                 ;
; Extract VHDL State Machines                                      ; On                 ; On                 ;
; Ignore Verilog initial constructs                                ; Off                ; Off                ;
; Iteration limit for constant Verilog loops                       ; 5000               ; 5000               ;
; Iteration limit for non-constant Verilog loops                   ; 250                ; 250                ;
; Add Pass-Through Logic to Inferred RAMs                          ; On                 ; On                 ;
; Infer RAMs from Raw Logic                                        ; On                 ; On                 ;
; Parallel Synthesis                                               ; On                 ; On                 ;
; DSP Block Balancing                                              ; Auto               ; Auto               ;
; NOT Gate Push-Back                                               ; On                 ; On                 ;
; Power-Up Don't Care                                              ; On                 ; On                 ;
; Remove Redundant Logic Cells                                     ; Off                ; Off                ;
; Remove Duplicate Registers                                       ; On                 ; On                 ;
; Ignore CARRY Buffers                                             ; Off                ; Off                ;
; Ignore CASCADE Buffers                                           ; Off                ; Off                ;
; Ignore GLOBAL Buffers                                            ; Off                ; Off                ;
; Ignore ROW GLOBAL Buffers                                        ; Off                ; Off                ;
; Ignore LCELL Buffers                                             ; Off                ; Off                ;
; Ignore SOFT Buffers                                              ; On                 ; On                 ;
; Limit AHDL Integers to 32 Bits                                   ; Off                ; Off                ;
; Optimization Technique                                           ; Balanced           ; Balanced           ;
; Carry Chain Length                                               ; 70                 ; 70                 ;
; Auto Carry Chains                                                ; On                 ; On                 ;
; Auto Open-Drain Pins                                             ; On                 ; On                 ;
; Perform WYSIWYG Primitive Resynthesis                            ; Off                ; Off                ;
; Auto ROM Replacement                                             ; On                 ; On                 ;
; Auto RAM Replacement                                             ; On                 ; On                 ;
; Auto DSP Block Replacement                                       ; On                 ; On                 ;
; Auto Shift Register Replacement                                  ; Auto               ; Auto               ;
; Allow Shift Register Merging across Hierarchies                  ; Auto               ; Auto               ;
; Auto Clock Enable Replacement                                    ; On                 ; On                 ;
; Strict RAM Replacement                                           ; Off                ; Off                ;
; Allow Synchronous Control Signals                                ; On                 ; On                 ;
; Force Use of Synchronous Clear Signals                           ; Off                ; Off                ;
; Auto RAM Block Balancing                                         ; On                 ; On                 ;
; Auto RAM to Logic Cell Conversion                                ; Off                ; Off                ;
; Auto Resource Sharing                                            ; Off                ; Off                ;
; Allow Any RAM Size For Recognition                               ; Off                ; Off                ;
; Allow Any ROM Size For Recognition                               ; Off                ; Off                ;
; Allow Any Shift Register Size For Recognition                    ; Off                ; Off                ;
; Use LogicLock Constraints during Resource Balancing              ; On                 ; On                 ;
; Ignore translate_off and synthesis_off directives                ; Off                ; Off                ;
; Timing-Driven Synthesis                                          ; On                 ; On                 ;
; Report Parameter Settings                                        ; On                 ; On                 ;
; Report Source Assignments                                        ; On                 ; On                 ;
; Report Connectivity Checks                                       ; On                 ; On                 ;
; Ignore Maximum Fan-Out Assignments                               ; Off                ; Off                ;
; Synchronization Register Chain Length                            ; 2                  ; 2                  ;
; Power Optimization During Synthesis                              ; Normal compilation ; Normal compilation ;
; HDL message level                                                ; Level2             ; Level2             ;
; Suppress Register Optimization Related Messages                  ; Off                ; Off                ;
; Number of Removed Registers Reported in Synthesis Report         ; 5000               ; 5000               ;
; Number of Swept Nodes Reported in Synthesis Report               ; 5000               ; 5000               ;
; Number of Inverted Registers Reported in Synthesis Report        ; 100                ; 100                ;
; Clock MUX Protection                                             ; On                 ; On                 ;
; Auto Gated Clock Conversion                                      ; Off                ; Off                ;
; Block Design Naming                                              ; Auto               ; Auto               ;
; SDC constraint protection                                        ; Off                ; Off                ;
; Synthesis Effort                                                 ; Auto               ; Auto               ;
; Shift Register Replacement - Allow Asynchronous Clear Signal     ; On                 ; On                 ;
; Pre-Mapping Resynthesis Optimization                             ; Off                ; Off                ;
; Analysis & Synthesis Message Level                               ; Medium             ; Medium             ;
; Disable Register Merging Across Hierarchies                      ; Auto               ; Auto               ;
; Resource Aware Inference For Block RAM                           ; On                 ; On                 ;
+------------------------------------------------------------------+--------------------+--------------------+


+------------------------------------------+
; Parallel Compilation                     ;
+----------------------------+-------------+
; Processors                 ; Number      ;
+----------------------------+-------------+
; Number detected on machine ; 16          ;
; Maximum allowed            ; 16          ;
;                            ;             ;
; Average used               ; 1.00        ;
; Maximum used               ; 1           ;
;                            ;             ;
; Usage by Processor         ; % Time Used ;
;     Processor 1            ; 100.0%      ;
+----------------------------+-------------+


+--------------------------------------------------------------------------------------------------------------------------------------------------------------+
; Analysis & Synthesis Source Files Read                                                                                                                       ;
+----------------------------------+-----------------+------------------------------+----------------------------------------------------------------+---------+
; File Name with User-Entered Path ; Used in Netlist ; File Type                    ; File Name with Absolute Path                                   ; Library ;
+----------------------------------+-----------------+------------------------------+----------------------------------------------------------------+---------+
; fft_16.sv                        ; yes             ; User SystemVerilog HDL File  ; C:/Users/jonathanxue/Developer/DAV/pitch-game/fft_16.sv        ;         ;
; get_height_tb.sv                 ; yes             ; User SystemVerilog HDL File  ; C:/Users/jonathanxue/Developer/DAV/pitch-game/get_height_tb.sv ;         ;
; get_height.sv                    ; yes             ; User SystemVerilog HDL File  ; C:/Users/jonathanxue/Developer/DAV/pitch-game/get_height.sv    ;         ;
; butterfly.sv                     ; yes             ; User SystemVerilog HDL File  ; C:/Users/jonathanxue/Developer/DAV/pitch-game/butterfly.sv     ;         ;
+----------------------------------+-----------------+------------------------------+----------------------------------------------------------------+---------+


+----------------------------------------------------------+
; Analysis & Synthesis Resource Usage Summary              ;
+---------------------------------------------+------------+
; Resource                                    ; Usage      ;
+---------------------------------------------+------------+
;                                             ;            ;
; Total combinational functions               ; 0          ;
; Logic element usage by number of LUT inputs ;            ;
;     -- 4 input functions                    ; 0          ;
;     -- 3 input functions                    ; 0          ;
;     -- <=2 input functions                  ; 0          ;
;                                             ;            ;
; Logic elements by mode                      ;            ;
;     -- normal mode                          ; 0          ;
;     -- arithmetic mode                      ; 0          ;
;                                             ;            ;
; Total registers                             ; 0          ;
;     -- Dedicated logic registers            ; 0          ;
;     -- I/O registers                        ; 0          ;
;                                             ;            ;
; I/O pins                                    ; 15         ;
;                                             ;            ;
; Embedded Multiplier 9-bit elements          ; 0          ;
;                                             ;            ;
; Maximum fan-out node                        ; clk~output ;
; Maximum fan-out                             ; 1          ;
; Total fan-out                               ; 15         ;
; Average fan-out                             ; 0.50       ;
+---------------------------------------------+------------+


+--------------------------------------------------------------------------------------------------------------------------------------------------------------------------------------------------------------------------------------+
; Analysis & Synthesis Resource Utilization by Entity                                                                                                                                                                                  ;
+----------------------------+---------------------+---------------------------+-------------+------------+--------------+---------+-----------+------+--------------+------------+---------------------+---------------+--------------+
; Compilation Hierarchy Node ; Combinational ALUTs ; Dedicated Logic Registers ; Memory Bits ; UFM Blocks ; DSP Elements ; DSP 9x9 ; DSP 18x18 ; Pins ; Virtual Pins ; ADC blocks ; Full Hierarchy Name ; Entity Name   ; Library Name ;
+----------------------------+---------------------+---------------------------+-------------+------------+--------------+---------+-----------+------+--------------+------------+---------------------+---------------+--------------+
; |get_height_tb             ; 0 (0)               ; 0 (0)                     ; 0           ; 0          ; 0            ; 0       ; 0         ; 15   ; 0            ; 0          ; |get_height_tb      ; get_height_tb ; work         ;
+----------------------------+---------------------+---------------------------+-------------+------------+--------------+---------+-----------+------+--------------+------------+---------------------+---------------+--------------+
Note: For table entries with two numbers listed, the numbers in parentheses indicate the number of resources of the given type used by the specific entity alone. The numbers listed outside of parentheses indicate the total resources of the given type used by the specific entity and all of its sub-entities in the hierarchy.


Encoding Type:  One-Hot
+--------------------------------------------------------------------------------------------------------------------------+
; State Machine - |get_height_tb|get_height:DUT|fft_16:fft_inst|curr                                                       ;
+-------------+-----------+-------------+-------------+-------------+-------------+-------------+-------------+------------+
; Name        ; curr.DONE ; curr.STAGE6 ; curr.STAGE5 ; curr.STAGE4 ; curr.STAGE3 ; curr.STAGE2 ; curr.STAGE1 ; curr.RESET ;
+-------------+-----------+-------------+-------------+-------------+-------------+-------------+-------------+------------+
; curr.RESET  ; 0         ; 0           ; 0           ; 0           ; 0           ; 0           ; 0           ; 0          ;
; curr.STAGE1 ; 0         ; 0           ; 0           ; 0           ; 0           ; 0           ; 1           ; 1          ;
; curr.STAGE2 ; 0         ; 0           ; 0           ; 0           ; 0           ; 1           ; 0           ; 1          ;
; curr.STAGE3 ; 0         ; 0           ; 0           ; 0           ; 1           ; 0           ; 0           ; 1          ;
; curr.STAGE4 ; 0         ; 0           ; 0           ; 1           ; 0           ; 0           ; 0           ; 1          ;
; curr.STAGE5 ; 0         ; 0           ; 1           ; 0           ; 0           ; 0           ; 0           ; 1          ;
; curr.STAGE6 ; 0         ; 1           ; 0           ; 0           ; 0           ; 0           ; 0           ; 1          ;
; curr.DONE   ; 1         ; 0           ; 0           ; 0           ; 0           ; 0           ; 0           ; 1          ;
+-------------+-----------+-------------+-------------+-------------+-------------+-------------+-------------+------------+


+-----------------------------------------------------------------------------------+
; Registers Removed During Synthesis                                                ;
+--------------------------------------------+--------------------------------------+
; Register name                              ; Reason for Removal                   ;
+--------------------------------------------+--------------------------------------+
; get_height:DUT|fetch_data                  ; Stuck at GND due to stuck port clock ;
; get_height:DUT|num_samples[0..7]           ; Stuck at GND due to stuck port clock ;
; get_height:DUT|start                       ; Stuck at GND due to stuck port clock ;
; get_height:DUT|count[0..31]                ; Stuck at GND due to stuck port clock ;
; get_height:DUT|fft_16:fft_inst|curr.STAGE1 ; Lost fanout                          ;
; get_height:DUT|fft_16:fft_inst|curr.STAGE2 ; Lost fanout                          ;
; get_height:DUT|fft_16:fft_inst|curr.STAGE3 ; Lost fanout                          ;
; get_height:DUT|fft_16:fft_inst|curr.STAGE4 ; Lost fanout                          ;
; get_height:DUT|fft_16:fft_inst|curr.STAGE5 ; Lost fanout                          ;
; get_height:DUT|fft_16:fft_inst|curr~2      ; Lost fanout                          ;
; get_height:DUT|fft_16:fft_inst|curr~3      ; Lost fanout                          ;
; get_height:DUT|fft_16:fft_inst|curr~4      ; Lost fanout                          ;
; get_height:DUT|fft_16:fft_inst|curr.RESET  ; Stuck at GND due to stuck port clock ;
; get_height:DUT|fft_16:fft_inst|curr.STAGE6 ; Stuck at GND due to stuck port clock ;
; get_height:DUT|fft_16:fft_inst|curr.DONE   ; Stuck at GND due to stuck port clock ;
; Total Number of Removed Registers = 53     ;                                      ;
+--------------------------------------------+--------------------------------------+


+-----------------------------------------------------------------------------------------------------------------------------------------------------------+
; Removed Registers Triggering Further Register Optimizations                                                                                               ;
+--------------------------------------------+-------------------------+------------------------------------------------------------------------------------+
; Register name                              ; Reason for Removal      ; Registers Removed due to This Register                                             ;
+--------------------------------------------+-------------------------+------------------------------------------------------------------------------------+
; get_height:DUT|fetch_data                  ; Stuck at GND            ; get_height:DUT|num_samples[7], get_height:DUT|num_samples[6],                      ;
;                                            ; due to stuck port clock ; get_height:DUT|num_samples[5], get_height:DUT|num_samples[4],                      ;
;                                            ;                         ; get_height:DUT|num_samples[3], get_height:DUT|num_samples[2],                      ;
;                                            ;                         ; get_height:DUT|num_samples[1], get_height:DUT|num_samples[0], get_height:DUT|start ;
; get_height:DUT|fft_16:fft_inst|curr.STAGE6 ; Stuck at GND            ; get_height:DUT|fft_16:fft_inst|curr.DONE                                           ;
;                                            ; due to stuck port clock ;                                                                                    ;
+--------------------------------------------+-------------------------+------------------------------------------------------------------------------------+


+------------------------------------------------------+
; General Register Statistics                          ;
+----------------------------------------------+-------+
; Statistic                                    ; Value ;
+----------------------------------------------+-------+
; Total registers                              ; 0     ;
; Number of registers using Synchronous Clear  ; 0     ;
; Number of registers using Synchronous Load   ; 0     ;
; Number of registers using Asynchronous Clear ; 0     ;
; Number of registers using Asynchronous Load  ; 0     ;
; Number of registers using Clock Enable       ; 0     ;
; Number of registers using Preset             ; 0     ;
+----------------------------------------------+-------+


+------------------------------------------------------------------------------------------------------------------+
; Parameter Settings for User Entity Instance: get_height:DUT|fft_16:fft_inst                                      ;
+----------------+----------------------------------------------------------------------------------+--------------+
; Parameter Name ; Value                                                                            ; Type         ;
+----------------+----------------------------------------------------------------------------------+--------------+
; w_64           ; (0111111100000000,0111111111110011,0111111011100111,0111101011011011,01110110110 ; Array/Record ;
; w_64           ; 01111,0111000111000100,0110101010111001,0110001110101111,0101101110100101,010100 ;              ;
; w_64           ; 0110011101,0100011110010110,0011110010001111,0011000110001010,0010010110000110,0 ;              ;
; w_64           ; 001100110000010,0000110110000001,0000000010000000,1111001110000001,1110011110000 ;              ;
; w_64           ; 010,1101101110000110,1100111110001010,1100010010001111,1011100110010110,10101111 ;              ;
; w_64           ; 10011101,1010010110100101,1001110110101111,1001011010111001,1000111111000100,100 ;              ;
;                ; 0101011001111,1000011011011011,1000001011100111,1000000111110011)                ;              ;
+----------------+----------------------------------------------------------------------------------+--------------+
Note: In order to hide this table in the UI and the text report file, please set the "Show Parameter Settings in Synthesis Report" option in "Analysis and Synthesis Settings -> More Settings" to "Off".


+--------------------------------------------------------------------------------------------+
; Parameter Settings for User Entity Instance: get_height:DUT|fft_16:fft_inst|butterfly:fft0 ;
+----------------+-------+-------------------------------------------------------------------+
; Parameter Name ; Value ; Type                                                              ;
+----------------+-------+-------------------------------------------------------------------+
; WIDTH          ; 16    ; Signed Integer                                                    ;
+----------------+-------+-------------------------------------------------------------------+
Note: In order to hide this table in the UI and the text report file, please set the "Show Parameter Settings in Synthesis Report" option in "Analysis and Synthesis Settings -> More Settings" to "Off".


+--------------------------------------------------------------------------------------------+
; Parameter Settings for User Entity Instance: get_height:DUT|fft_16:fft_inst|butterfly:fft1 ;
+----------------+-------+-------------------------------------------------------------------+
; Parameter Name ; Value ; Type                                                              ;
+----------------+-------+-------------------------------------------------------------------+
; WIDTH          ; 16    ; Signed Integer                                                    ;
+----------------+-------+-------------------------------------------------------------------+
Note: In order to hide this table in the UI and the text report file, please set the "Show Parameter Settings in Synthesis Report" option in "Analysis and Synthesis Settings -> More Settings" to "Off".


+--------------------------------------------------------------------------------------------+
; Parameter Settings for User Entity Instance: get_height:DUT|fft_16:fft_inst|butterfly:fft2 ;
+----------------+-------+-------------------------------------------------------------------+
; Parameter Name ; Value ; Type                                                              ;
+----------------+-------+-------------------------------------------------------------------+
; WIDTH          ; 16    ; Signed Integer                                                    ;
+----------------+-------+-------------------------------------------------------------------+
Note: In order to hide this table in the UI and the text report file, please set the "Show Parameter Settings in Synthesis Report" option in "Analysis and Synthesis Settings -> More Settings" to "Off".


+--------------------------------------------------------------------------------------------+
; Parameter Settings for User Entity Instance: get_height:DUT|fft_16:fft_inst|butterfly:fft3 ;
+----------------+-------+-------------------------------------------------------------------+
; Parameter Name ; Value ; Type                                                              ;
+----------------+-------+-------------------------------------------------------------------+
; WIDTH          ; 16    ; Signed Integer                                                    ;
+----------------+-------+-------------------------------------------------------------------+
Note: In order to hide this table in the UI and the text report file, please set the "Show Parameter Settings in Synthesis Report" option in "Analysis and Synthesis Settings -> More Settings" to "Off".


+--------------------------------------------------------------------------------------------+
; Parameter Settings for User Entity Instance: get_height:DUT|fft_16:fft_inst|butterfly:fft4 ;
+----------------+-------+-------------------------------------------------------------------+
; Parameter Name ; Value ; Type                                                              ;
+----------------+-------+-------------------------------------------------------------------+
; WIDTH          ; 16    ; Signed Integer                                                    ;
+----------------+-------+-------------------------------------------------------------------+
Note: In order to hide this table in the UI and the text report file, please set the "Show Parameter Settings in Synthesis Report" option in "Analysis and Synthesis Settings -> More Settings" to "Off".


+--------------------------------------------------------------------------------------------+
; Parameter Settings for User Entity Instance: get_height:DUT|fft_16:fft_inst|butterfly:fft5 ;
+----------------+-------+-------------------------------------------------------------------+
; Parameter Name ; Value ; Type                                                              ;
+----------------+-------+-------------------------------------------------------------------+
; WIDTH          ; 16    ; Signed Integer                                                    ;
+----------------+-------+-------------------------------------------------------------------+
Note: In order to hide this table in the UI and the text report file, please set the "Show Parameter Settings in Synthesis Report" option in "Analysis and Synthesis Settings -> More Settings" to "Off".


+--------------------------------------------------------------------------------------------+
; Parameter Settings for User Entity Instance: get_height:DUT|fft_16:fft_inst|butterfly:fft6 ;
+----------------+-------+-------------------------------------------------------------------+
; Parameter Name ; Value ; Type                                                              ;
+----------------+-------+-------------------------------------------------------------------+
; WIDTH          ; 16    ; Signed Integer                                                    ;
+----------------+-------+-------------------------------------------------------------------+
Note: In order to hide this table in the UI and the text report file, please set the "Show Parameter Settings in Synthesis Report" option in "Analysis and Synthesis Settings -> More Settings" to "Off".


+--------------------------------------------------------------------------------------------+
; Parameter Settings for User Entity Instance: get_height:DUT|fft_16:fft_inst|butterfly:fft7 ;
+----------------+-------+-------------------------------------------------------------------+
; Parameter Name ; Value ; Type                                                              ;
+----------------+-------+-------------------------------------------------------------------+
; WIDTH          ; 16    ; Signed Integer                                                    ;
+----------------+-------+-------------------------------------------------------------------+
Note: In order to hide this table in the UI and the text report file, please set the "Show Parameter Settings in Synthesis Report" option in "Analysis and Synthesis Settings -> More Settings" to "Off".


+--------------------------------------------------------------------------------------------+
; Parameter Settings for User Entity Instance: get_height:DUT|fft_16:fft_inst|butterfly:fft8 ;
+----------------+-------+-------------------------------------------------------------------+
; Parameter Name ; Value ; Type                                                              ;
+----------------+-------+-------------------------------------------------------------------+
; WIDTH          ; 16    ; Signed Integer                                                    ;
+----------------+-------+-------------------------------------------------------------------+
Note: In order to hide this table in the UI and the text report file, please set the "Show Parameter Settings in Synthesis Report" option in "Analysis and Synthesis Settings -> More Settings" to "Off".


+--------------------------------------------------------------------------------------------+
; Parameter Settings for User Entity Instance: get_height:DUT|fft_16:fft_inst|butterfly:fft9 ;
+----------------+-------+-------------------------------------------------------------------+
; Parameter Name ; Value ; Type                                                              ;
+----------------+-------+-------------------------------------------------------------------+
; WIDTH          ; 16    ; Signed Integer                                                    ;
+----------------+-------+-------------------------------------------------------------------+
Note: In order to hide this table in the UI and the text report file, please set the "Show Parameter Settings in Synthesis Report" option in "Analysis and Synthesis Settings -> More Settings" to "Off".


+---------------------------------------------------------------------------------------------+
; Parameter Settings for User Entity Instance: get_height:DUT|fft_16:fft_inst|butterfly:fft10 ;
+----------------+-------+--------------------------------------------------------------------+
; Parameter Name ; Value ; Type                                                               ;
+----------------+-------+--------------------------------------------------------------------+
; WIDTH          ; 16    ; Signed Integer                                                     ;
+----------------+-------+--------------------------------------------------------------------+
Note: In order to hide this table in the UI and the text report file, please set the "Show Parameter Settings in Synthesis Report" option in "Analysis and Synthesis Settings -> More Settings" to "Off".


+---------------------------------------------------------------------------------------------+
; Parameter Settings for User Entity Instance: get_height:DUT|fft_16:fft_inst|butterfly:fft11 ;
+----------------+-------+--------------------------------------------------------------------+
; Parameter Name ; Value ; Type                                                               ;
+----------------+-------+--------------------------------------------------------------------+
; WIDTH          ; 16    ; Signed Integer                                                     ;
+----------------+-------+--------------------------------------------------------------------+
Note: In order to hide this table in the UI and the text report file, please set the "Show Parameter Settings in Synthesis Report" option in "Analysis and Synthesis Settings -> More Settings" to "Off".


+---------------------------------------------------------------------------------------------+
; Parameter Settings for User Entity Instance: get_height:DUT|fft_16:fft_inst|butterfly:fft12 ;
+----------------+-------+--------------------------------------------------------------------+
; Parameter Name ; Value ; Type                                                               ;
+----------------+-------+--------------------------------------------------------------------+
; WIDTH          ; 16    ; Signed Integer                                                     ;
+----------------+-------+--------------------------------------------------------------------+
Note: In order to hide this table in the UI and the text report file, please set the "Show Parameter Settings in Synthesis Report" option in "Analysis and Synthesis Settings -> More Settings" to "Off".


+---------------------------------------------------------------------------------------------+
; Parameter Settings for User Entity Instance: get_height:DUT|fft_16:fft_inst|butterfly:fft13 ;
+----------------+-------+--------------------------------------------------------------------+
; Parameter Name ; Value ; Type                                                               ;
+----------------+-------+--------------------------------------------------------------------+
; WIDTH          ; 16    ; Signed Integer                                                     ;
+----------------+-------+--------------------------------------------------------------------+
Note: In order to hide this table in the UI and the text report file, please set the "Show Parameter Settings in Synthesis Report" option in "Analysis and Synthesis Settings -> More Settings" to "Off".


+---------------------------------------------------------------------------------------------+
; Parameter Settings for User Entity Instance: get_height:DUT|fft_16:fft_inst|butterfly:fft14 ;
+----------------+-------+--------------------------------------------------------------------+
; Parameter Name ; Value ; Type                                                               ;
+----------------+-------+--------------------------------------------------------------------+
; WIDTH          ; 16    ; Signed Integer                                                     ;
+----------------+-------+--------------------------------------------------------------------+
Note: In order to hide this table in the UI and the text report file, please set the "Show Parameter Settings in Synthesis Report" option in "Analysis and Synthesis Settings -> More Settings" to "Off".


+---------------------------------------------------------------------------------------------+
; Parameter Settings for User Entity Instance: get_height:DUT|fft_16:fft_inst|butterfly:fft15 ;
+----------------+-------+--------------------------------------------------------------------+
; Parameter Name ; Value ; Type                                                               ;
+----------------+-------+--------------------------------------------------------------------+
; WIDTH          ; 16    ; Signed Integer                                                     ;
+----------------+-------+--------------------------------------------------------------------+
Note: In order to hide this table in the UI and the text report file, please set the "Show Parameter Settings in Synthesis Report" option in "Analysis and Synthesis Settings -> More Settings" to "Off".


+---------------------------------------------------------------------------------------------+
; Parameter Settings for User Entity Instance: get_height:DUT|fft_16:fft_inst|butterfly:fft16 ;
+----------------+-------+--------------------------------------------------------------------+
; Parameter Name ; Value ; Type                                                               ;
+----------------+-------+--------------------------------------------------------------------+
; WIDTH          ; 16    ; Signed Integer                                                     ;
+----------------+-------+--------------------------------------------------------------------+
Note: In order to hide this table in the UI and the text report file, please set the "Show Parameter Settings in Synthesis Report" option in "Analysis and Synthesis Settings -> More Settings" to "Off".


+---------------------------------------------------------------------------------------------+
; Parameter Settings for User Entity Instance: get_height:DUT|fft_16:fft_inst|butterfly:fft17 ;
+----------------+-------+--------------------------------------------------------------------+
; Parameter Name ; Value ; Type                                                               ;
+----------------+-------+--------------------------------------------------------------------+
; WIDTH          ; 16    ; Signed Integer                                                     ;
+----------------+-------+--------------------------------------------------------------------+
Note: In order to hide this table in the UI and the text report file, please set the "Show Parameter Settings in Synthesis Report" option in "Analysis and Synthesis Settings -> More Settings" to "Off".


+---------------------------------------------------------------------------------------------+
; Parameter Settings for User Entity Instance: get_height:DUT|fft_16:fft_inst|butterfly:fft18 ;
+----------------+-------+--------------------------------------------------------------------+
; Parameter Name ; Value ; Type                                                               ;
+----------------+-------+--------------------------------------------------------------------+
; WIDTH          ; 16    ; Signed Integer                                                     ;
+----------------+-------+--------------------------------------------------------------------+
Note: In order to hide this table in the UI and the text report file, please set the "Show Parameter Settings in Synthesis Report" option in "Analysis and Synthesis Settings -> More Settings" to "Off".


+---------------------------------------------------------------------------------------------+
; Parameter Settings for User Entity Instance: get_height:DUT|fft_16:fft_inst|butterfly:fft19 ;
+----------------+-------+--------------------------------------------------------------------+
; Parameter Name ; Value ; Type                                                               ;
+----------------+-------+--------------------------------------------------------------------+
; WIDTH          ; 16    ; Signed Integer                                                     ;
+----------------+-------+--------------------------------------------------------------------+
Note: In order to hide this table in the UI and the text report file, please set the "Show Parameter Settings in Synthesis Report" option in "Analysis and Synthesis Settings -> More Settings" to "Off".


+---------------------------------------------------------------------------------------------+
; Parameter Settings for User Entity Instance: get_height:DUT|fft_16:fft_inst|butterfly:fft20 ;
+----------------+-------+--------------------------------------------------------------------+
; Parameter Name ; Value ; Type                                                               ;
+----------------+-------+--------------------------------------------------------------------+
; WIDTH          ; 16    ; Signed Integer                                                     ;
+----------------+-------+--------------------------------------------------------------------+
Note: In order to hide this table in the UI and the text report file, please set the "Show Parameter Settings in Synthesis Report" option in "Analysis and Synthesis Settings -> More Settings" to "Off".


+---------------------------------------------------------------------------------------------+
; Parameter Settings for User Entity Instance: get_height:DUT|fft_16:fft_inst|butterfly:fft21 ;
+----------------+-------+--------------------------------------------------------------------+
; Parameter Name ; Value ; Type                                                               ;
+----------------+-------+--------------------------------------------------------------------+
; WIDTH          ; 16    ; Signed Integer                                                     ;
+----------------+-------+--------------------------------------------------------------------+
Note: In order to hide this table in the UI and the text report file, please set the "Show Parameter Settings in Synthesis Report" option in "Analysis and Synthesis Settings -> More Settings" to "Off".


+---------------------------------------------------------------------------------------------+
; Parameter Settings for User Entity Instance: get_height:DUT|fft_16:fft_inst|butterfly:fft22 ;
+----------------+-------+--------------------------------------------------------------------+
; Parameter Name ; Value ; Type                                                               ;
+----------------+-------+--------------------------------------------------------------------+
; WIDTH          ; 16    ; Signed Integer                                                     ;
+----------------+-------+--------------------------------------------------------------------+
Note: In order to hide this table in the UI and the text report file, please set the "Show Parameter Settings in Synthesis Report" option in "Analysis and Synthesis Settings -> More Settings" to "Off".


+---------------------------------------------------------------------------------------------+
; Parameter Settings for User Entity Instance: get_height:DUT|fft_16:fft_inst|butterfly:fft23 ;
+----------------+-------+--------------------------------------------------------------------+
; Parameter Name ; Value ; Type                                                               ;
+----------------+-------+--------------------------------------------------------------------+
; WIDTH          ; 16    ; Signed Integer                                                     ;
+----------------+-------+--------------------------------------------------------------------+
Note: In order to hide this table in the UI and the text report file, please set the "Show Parameter Settings in Synthesis Report" option in "Analysis and Synthesis Settings -> More Settings" to "Off".


+---------------------------------------------------------------------------------------------+
; Parameter Settings for User Entity Instance: get_height:DUT|fft_16:fft_inst|butterfly:fft24 ;
+----------------+-------+--------------------------------------------------------------------+
; Parameter Name ; Value ; Type                                                               ;
+----------------+-------+--------------------------------------------------------------------+
; WIDTH          ; 16    ; Signed Integer                                                     ;
+----------------+-------+--------------------------------------------------------------------+
Note: In order to hide this table in the UI and the text report file, please set the "Show Parameter Settings in Synthesis Report" option in "Analysis and Synthesis Settings -> More Settings" to "Off".


+---------------------------------------------------------------------------------------------+
; Parameter Settings for User Entity Instance: get_height:DUT|fft_16:fft_inst|butterfly:fft25 ;
+----------------+-------+--------------------------------------------------------------------+
; Parameter Name ; Value ; Type                                                               ;
+----------------+-------+--------------------------------------------------------------------+
; WIDTH          ; 16    ; Signed Integer                                                     ;
+----------------+-------+--------------------------------------------------------------------+
Note: In order to hide this table in the UI and the text report file, please set the "Show Parameter Settings in Synthesis Report" option in "Analysis and Synthesis Settings -> More Settings" to "Off".


+---------------------------------------------------------------------------------------------+
; Parameter Settings for User Entity Instance: get_height:DUT|fft_16:fft_inst|butterfly:fft26 ;
+----------------+-------+--------------------------------------------------------------------+
; Parameter Name ; Value ; Type                                                               ;
+----------------+-------+--------------------------------------------------------------------+
; WIDTH          ; 16    ; Signed Integer                                                     ;
+----------------+-------+--------------------------------------------------------------------+
Note: In order to hide this table in the UI and the text report file, please set the "Show Parameter Settings in Synthesis Report" option in "Analysis and Synthesis Settings -> More Settings" to "Off".


+---------------------------------------------------------------------------------------------+
; Parameter Settings for User Entity Instance: get_height:DUT|fft_16:fft_inst|butterfly:fft27 ;
+----------------+-------+--------------------------------------------------------------------+
; Parameter Name ; Value ; Type                                                               ;
+----------------+-------+--------------------------------------------------------------------+
; WIDTH          ; 16    ; Signed Integer                                                     ;
+----------------+-------+--------------------------------------------------------------------+
Note: In order to hide this table in the UI and the text report file, please set the "Show Parameter Settings in Synthesis Report" option in "Analysis and Synthesis Settings -> More Settings" to "Off".


+---------------------------------------------------------------------------------------------+
; Parameter Settings for User Entity Instance: get_height:DUT|fft_16:fft_inst|butterfly:fft28 ;
+----------------+-------+--------------------------------------------------------------------+
; Parameter Name ; Value ; Type                                                               ;
+----------------+-------+--------------------------------------------------------------------+
; WIDTH          ; 16    ; Signed Integer                                                     ;
+----------------+-------+--------------------------------------------------------------------+
Note: In order to hide this table in the UI and the text report file, please set the "Show Parameter Settings in Synthesis Report" option in "Analysis and Synthesis Settings -> More Settings" to "Off".


+---------------------------------------------------------------------------------------------+
; Parameter Settings for User Entity Instance: get_height:DUT|fft_16:fft_inst|butterfly:fft29 ;
+----------------+-------+--------------------------------------------------------------------+
; Parameter Name ; Value ; Type                                                               ;
+----------------+-------+--------------------------------------------------------------------+
; WIDTH          ; 16    ; Signed Integer                                                     ;
+----------------+-------+--------------------------------------------------------------------+
Note: In order to hide this table in the UI and the text report file, please set the "Show Parameter Settings in Synthesis Report" option in "Analysis and Synthesis Settings -> More Settings" to "Off".


+---------------------------------------------------------------------------------------------+
; Parameter Settings for User Entity Instance: get_height:DUT|fft_16:fft_inst|butterfly:fft30 ;
+----------------+-------+--------------------------------------------------------------------+
; Parameter Name ; Value ; Type                                                               ;
+----------------+-------+--------------------------------------------------------------------+
; WIDTH          ; 16    ; Signed Integer                                                     ;
+----------------+-------+--------------------------------------------------------------------+
Note: In order to hide this table in the UI and the text report file, please set the "Show Parameter Settings in Synthesis Report" option in "Analysis and Synthesis Settings -> More Settings" to "Off".


+---------------------------------------------------------------------------------------------+
; Parameter Settings for User Entity Instance: get_height:DUT|fft_16:fft_inst|butterfly:fft31 ;
+----------------+-------+--------------------------------------------------------------------+
; Parameter Name ; Value ; Type                                                               ;
+----------------+-------+--------------------------------------------------------------------+
; WIDTH          ; 16    ; Signed Integer                                                     ;
+----------------+-------+--------------------------------------------------------------------+
Note: In order to hide this table in the UI and the text report file, please set the "Show Parameter Settings in Synthesis Report" option in "Analysis and Synthesis Settings -> More Settings" to "Off".


+------------------------------------------------------------------------------------------------------------------+
; Port Connectivity Checks: "get_height:DUT|fft_16:fft_inst"                                                       ;
+--------+--------+----------+-------------------------------------------------------------------------------------+
; Port   ; Type   ; Severity ; Details                                                                             ;
+--------+--------+----------+-------------------------------------------------------------------------------------+
; out    ; Output ; Info     ; Connected to dangling logic. Logic that only feeds a dangling port will be removed. ;
; status ; Output ; Info     ; Connected to dangling logic. Logic that only feeds a dangling port will be removed. ;
+--------+--------+----------+-------------------------------------------------------------------------------------+


+---------------------------------------------------------------------------------------------------------------------------+
; Port Connectivity Checks: "get_height:DUT"                                                                                ;
+-----------------+--------+----------+-------------------------------------------------------------------------------------+
; Port            ; Type   ; Severity ; Details                                                                             ;
+-----------------+--------+----------+-------------------------------------------------------------------------------------+
; clk             ; Input  ; Info     ; Stuck at VCC                                                                        ;
; mic_clk         ; Input  ; Info     ; Stuck at VCC                                                                        ;
; reset           ; Input  ; Info     ; Stuck at GND                                                                        ;
; mic_data[7..3]  ; Input  ; Info     ; Stuck at VCC                                                                        ;
; mic_data[11..8] ; Input  ; Info     ; Stuck at GND                                                                        ;
; mic_data[2..1]  ; Input  ; Info     ; Stuck at GND                                                                        ;
; mic_data[0]     ; Input  ; Info     ; Stuck at VCC                                                                        ;
; mic_data_shift  ; Output ; Info     ; Connected to dangling logic. Logic that only feeds a dangling port will be removed. ;
+-----------------+--------+----------+-------------------------------------------------------------------------------------+


+-----------------------------------------------------+
; Post-Synthesis Netlist Statistics for Top Partition ;
+-----------------------+-----------------------------+
; Type                  ; Count                       ;
+-----------------------+-----------------------------+
; boundary_port         ; 15                          ;
; cycloneiii_lcell_comb ; 2                           ;
;     normal            ; 2                           ;
;         0 data inputs ; 2                           ;
;                       ;                             ;
; Max LUT depth         ; 0.00                        ;
; Average LUT depth     ; 0.00                        ;
+-----------------------+-----------------------------+


+-------------------------------+
; Elapsed Time Per Partition    ;
+----------------+--------------+
; Partition Name ; Elapsed Time ;
+----------------+--------------+
; Top            ; 00:00:00     ;
+----------------+--------------+


+-------------------------------+
; Analysis & Synthesis Messages ;
+-------------------------------+
Info: *******************************************************************
Info: Running Quartus Prime Analysis & Synthesis
    Info: Version 23.1std.1 Build 993 05/14/2024 SC Lite Edition
    Info: Processing started: Sat May 24 22:39:20 2025
Info: Command: quartus_map --read_settings_files=on --write_settings_files=off pitch_game -c pitch_game_top
Warning (18236): Number of processors has not been specified which may cause overloading on shared machines.  Set the global assignment NUM_PARALLEL_PROCESSORS in your QSF to an appropriate value for best performance.
Info (20030): Parallel compilation is enabled and will use 16 of the 16 processors detected
Info (12021): Found 1 design units, including 1 entities, in source file fft_16.sv
    Info (12023): Found entity 1: fft_16 File: C:/Users/jonathanxue/Developer/DAV/pitch-game/fft_16.sv Line: 5
Info (12021): Found 1 design units, including 1 entities, in source file get_height_tb.sv
    Info (12023): Found entity 1: get_height_tb File: C:/Users/jonathanxue/Developer/DAV/pitch-game/get_height_tb.sv Line: 3
Info (12021): Found 1 design units, including 1 entities, in source file get_height.sv
    Info (12023): Found entity 1: get_height File: C:/Users/jonathanxue/Developer/DAV/pitch-game/get_height.sv Line: 1
Info (12021): Found 1 design units, including 1 entities, in source file fft.sv
    Info (12023): Found entity 1: fft File: C:/Users/jonathanxue/Developer/DAV/pitch-game/fft.sv Line: 5
Info (12021): Found 1 design units, including 1 entities, in source file butterfly.sv
    Info (12023): Found entity 1: butterfly File: C:/Users/jonathanxue/Developer/DAV/pitch-game/butterfly.sv Line: 1
Info (12021): Found 1 design units, including 1 entities, in source file mic/synthesis/mic.v
    Info (12023): Found entity 1: mic File: C:/Users/jonathanxue/Developer/DAV/pitch-game/mic/synthesis/mic.v Line: 6
Info (12021): Found 1 design units, including 1 entities, in source file mic/synthesis/submodules/altera_up_avalon_adv_adc.v
    Info (12023): Found entity 1: altera_up_avalon_adv_adc File: C:/Users/jonathanxue/Developer/DAV/pitch-game/mic/synthesis/submodules/altera_up_avalon_adv_adc.v Line: 23
Info (12021): Found 1 design units, including 1 entities, in source file mic/synthesis/submodules/altera_modular_adc_control.v
    Info (12023): Found entity 1: altera_modular_adc_control File: C:/Users/jonathanxue/Developer/DAV/pitch-game/mic/synthesis/submodules/altera_modular_adc_control.v Line: 31
Info (12021): Found 1 design units, including 1 entities, in source file mic/synthesis/submodules/altera_modular_adc_control_avrg_fifo.v
    Info (12023): Found entity 1: altera_modular_adc_control_avrg_fifo File: C:/Users/jonathanxue/Developer/DAV/pitch-game/mic/synthesis/submodules/altera_modular_adc_control_avrg_fifo.v Line: 66
Info (12021): Found 1 design units, including 1 entities, in source file mic/synthesis/submodules/altera_modular_adc_control_fsm.v
    Info (12023): Found entity 1: altera_modular_adc_control_fsm File: C:/Users/jonathanxue/Developer/DAV/pitch-game/mic/synthesis/submodules/altera_modular_adc_control_fsm.v Line: 31
Info (12021): Found 1 design units, including 1 entities, in source file mic/synthesis/submodules/altera_modular_adc_sample_store.v
    Info (12023): Found entity 1: altera_modular_adc_sample_store File: C:/Users/jonathanxue/Developer/DAV/pitch-game/mic/synthesis/submodules/altera_modular_adc_sample_store.v Line: 31
Info (12021): Found 1 design units, including 1 entities, in source file mic/synthesis/submodules/altera_modular_adc_sample_store_ram.v
    Info (12023): Found entity 1: altera_modular_adc_sample_store_ram File: C:/Users/jonathanxue/Developer/DAV/pitch-game/mic/synthesis/submodules/altera_modular_adc_sample_store_ram.v Line: 66
Info (12021): Found 1 design units, including 1 entities, in source file mic/synthesis/submodules/altera_modular_adc_sequencer.v
    Info (12023): Found entity 1: altera_modular_adc_sequencer File: C:/Users/jonathanxue/Developer/DAV/pitch-game/mic/synthesis/submodules/altera_modular_adc_sequencer.v Line: 31
Info (12021): Found 1 design units, including 1 entities, in source file mic/synthesis/submodules/altera_modular_adc_sequencer_csr.v
    Info (12023): Found entity 1: altera_modular_adc_sequencer_csr File: C:/Users/jonathanxue/Developer/DAV/pitch-game/mic/synthesis/submodules/altera_modular_adc_sequencer_csr.v Line: 31
Info (12021): Found 1 design units, including 1 entities, in source file mic/synthesis/submodules/altera_modular_adc_sequencer_ctrl.v
    Info (12023): Found entity 1: altera_modular_adc_sequencer_ctrl File: C:/Users/jonathanxue/Developer/DAV/pitch-game/mic/synthesis/submodules/altera_modular_adc_sequencer_ctrl.v Line: 31
Info (12021): Found 1 design units, including 1 entities, in source file mic/synthesis/submodules/chsel_code_converter_sw_to_hw.v
    Info (12023): Found entity 1: chsel_code_converter_sw_to_hw File: C:/Users/jonathanxue/Developer/DAV/pitch-game/mic/synthesis/submodules/chsel_code_converter_sw_to_hw.v Line: 45
Info (12021): Found 1 design units, including 1 entities, in source file mic/synthesis/submodules/de10_lite_adc_core_modular_adc_0.v
    Info (12023): Found entity 1: DE10_Lite_ADC_Core_modular_adc_0 File: C:/Users/jonathanxue/Developer/DAV/pitch-game/mic/synthesis/submodules/DE10_Lite_ADC_Core_modular_adc_0.v Line: 22
Info (12021): Found 1 design units, including 1 entities, in source file mic/synthesis/submodules/fiftyfivenm_adcblock_primitive_wrapper.v
    Info (12023): Found entity 1: fiftyfivenm_adcblock_primitive_wrapper File: C:/Users/jonathanxue/Developer/DAV/pitch-game/mic/synthesis/submodules/fiftyfivenm_adcblock_primitive_wrapper.v Line: 50
Info (12021): Found 1 design units, including 1 entities, in source file mic/synthesis/submodules/fiftyfivenm_adcblock_top_wrapper.v
    Info (12023): Found entity 1: fiftyfivenm_adcblock_top_wrapper File: C:/Users/jonathanxue/Developer/DAV/pitch-game/mic/synthesis/submodules/fiftyfivenm_adcblock_top_wrapper.v Line: 44
Info (12021): Found 1 design units, including 1 entities, in source file mic/synthesis/submodules/mic_adc_mega_0.v
    Info (12023): Found entity 1: mic_adc_mega_0 File: C:/Users/jonathanxue/Developer/DAV/pitch-game/mic/synthesis/submodules/mic_adc_mega_0.v Line: 22
Info (12021): Found 1 design units, including 1 entities, in source file vga.sv
    Info (12023): Found entity 1: vga File: C:/Users/jonathanxue/Developer/DAV/pitch-game/vga.sv Line: 1
Info (12021): Found 1 design units, including 1 entities, in source file prng.sv
    Info (12023): Found entity 1: prng File: C:/Users/jonathanxue/Developer/DAV/pitch-game/prng.sv Line: 1
Info (12021): Found 1 design units, including 1 entities, in source file position.sv
    Info (12023): Found entity 1: position File: C:/Users/jonathanxue/Developer/DAV/pitch-game/position.sv Line: 1
Info (12021): Found 1 design units, including 1 entities, in source file pitch_game_top.sv
    Info (12023): Found entity 1: pitch_game_top File: C:/Users/jonathanxue/Developer/DAV/pitch-game/pitch_game_top.sv Line: 1
Info (12021): Found 1 design units, including 1 entities, in source file pitch_game_tb.sv
    Info (12023): Found entity 1: pitch_game_tb File: C:/Users/jonathanxue/Developer/DAV/pitch-game/pitch_game_tb.sv Line: 2
Info (12021): Found 1 design units, including 1 entities, in source file collision.sv
    Info (12023): Found entity 1: collision File: C:/Users/jonathanxue/Developer/DAV/pitch-game/collision.sv Line: 1
Info (12021): Found 1 design units, including 1 entities, in source file clock_divider.sv
    Info (12023): Found entity 1: clock_divider File: C:/Users/jonathanxue/Developer/DAV/pitch-game/clock_divider.sv Line: 1
Info (12021): Found 1 design units, including 1 entities, in source file position_tb.sv
    Info (12023): Found entity 1: position_tb File: C:/Users/jonathanxue/Developer/DAV/pitch-game/position_tb.sv Line: 1
Warning (12019): Can't analyze file -- file pitch_detector.sv is missing
Info (12127): Elaborating entity "get_height_tb" for the top level hierarchy
Warning (10036): Verilog HDL or VHDL warning at get_height_tb.sv(17): object "mic_data_shift" assigned a value but never read File: C:/Users/jonathanxue/Developer/DAV/pitch-game/get_height_tb.sv Line: 17
Warning (10230): Verilog HDL assignment warning at get_height_tb.sv(65): truncated value with size 32 to match size of target (12) File: C:/Users/jonathanxue/Developer/DAV/pitch-game/get_height_tb.sv Line: 65
Info (12128): Elaborating entity "get_height" for hierarchy "get_height:DUT" File: C:/Users/jonathanxue/Developer/DAV/pitch-game/get_height_tb.sv Line: 25
Warning (10036): Verilog HDL or VHDL warning at get_height.sv(22): object "height" assigned a value but never read File: C:/Users/jonathanxue/Developer/DAV/pitch-game/get_height.sv Line: 22
Warning (10036): Verilog HDL or VHDL warning at get_height.sv(59): object "resetNot" assigned a value but never read File: C:/Users/jonathanxue/Developer/DAV/pitch-game/get_height.sv Line: 59
Warning (10036): Verilog HDL or VHDL warning at get_height.sv(151): object "prev_status" assigned a value but never read File: C:/Users/jonathanxue/Developer/DAV/pitch-game/get_height.sv Line: 151
Warning (10230): Verilog HDL assignment warning at get_height.sv(114): truncated value with size 9 to match size of target (8) File: C:/Users/jonathanxue/Developer/DAV/pitch-game/get_height.sv Line: 114
Warning (10230): Verilog HDL assignment warning at get_height.sv(125): truncated value with size 32 to match size of target (8) File: C:/Users/jonathanxue/Developer/DAV/pitch-game/get_height.sv Line: 125
Warning (10230): Verilog HDL assignment warning at get_height.sv(144): truncated value with size 32 to match size of target (10) File: C:/Users/jonathanxue/Developer/DAV/pitch-game/get_height.sv Line: 144
Info (12128): Elaborating entity "fft_16" for hierarchy "get_height:DUT|fft_16:fft_inst" File: C:/Users/jonathanxue/Developer/DAV/pitch-game/get_height.sv Line: 71
Info (12128): Elaborating entity "butterfly" for hierarchy "get_height:DUT|fft_16:fft_inst|butterfly:fft0" File: C:/Users/jonathanxue/Developer/DAV/pitch-game/fft_16.sv Line: 106
Warning (13024): Output pins are stuck at VCC or GND
    Warning (13410): Pin "clk" is stuck at VCC File: C:/Users/jonathanxue/Developer/DAV/pitch-game/get_height_tb.sv Line: 5
    Warning (13410): Pin "mic_clk" is stuck at VCC File: C:/Users/jonathanxue/Developer/DAV/pitch-game/get_height_tb.sv Line: 6
    Warning (13410): Pin "reset" is stuck at GND File: C:/Users/jonathanxue/Developer/DAV/pitch-game/get_height_tb.sv Line: 7
    Warning (13410): Pin "mic_data[0]" is stuck at VCC File: C:/Users/jonathanxue/Developer/DAV/pitch-game/get_height_tb.sv Line: 14
    Warning (13410): Pin "mic_data[1]" is stuck at GND File: C:/Users/jonathanxue/Developer/DAV/pitch-game/get_height_tb.sv Line: 14
    Warning (13410): Pin "mic_data[2]" is stuck at GND File: C:/Users/jonathanxue/Developer/DAV/pitch-game/get_height_tb.sv Line: 14
    Warning (13410): Pin "mic_data[3]" is stuck at VCC File: C:/Users/jonathanxue/Developer/DAV/pitch-game/get_height_tb.sv Line: 14
    Warning (13410): Pin "mic_data[4]" is stuck at VCC File: C:/Users/jonathanxue/Developer/DAV/pitch-game/get_height_tb.sv Line: 14
    Warning (13410): Pin "mic_data[5]" is stuck at VCC File: C:/Users/jonathanxue/Developer/DAV/pitch-game/get_height_tb.sv Line: 14
    Warning (13410): Pin "mic_data[6]" is stuck at VCC File: C:/Users/jonathanxue/Developer/DAV/pitch-game/get_height_tb.sv Line: 14
    Warning (13410): Pin "mic_data[7]" is stuck at VCC File: C:/Users/jonathanxue/Developer/DAV/pitch-game/get_height_tb.sv Line: 14
    Warning (13410): Pin "mic_data[8]" is stuck at GND File: C:/Users/jonathanxue/Developer/DAV/pitch-game/get_height_tb.sv Line: 14
    Warning (13410): Pin "mic_data[9]" is stuck at GND File: C:/Users/jonathanxue/Developer/DAV/pitch-game/get_height_tb.sv Line: 14
    Warning (13410): Pin "mic_data[10]" is stuck at GND File: C:/Users/jonathanxue/Developer/DAV/pitch-game/get_height_tb.sv Line: 14
    Warning (13410): Pin "mic_data[11]" is stuck at GND File: C:/Users/jonathanxue/Developer/DAV/pitch-game/get_height_tb.sv Line: 14
Info (17049): 8 registers lost all their fanouts during netlist optimizations.
Warning (20013): Ignored 19 assignments for entity "mic" -- entity does not exist in design
Info (144001): Generated suppressed messages file C:/Users/jonathanxue/Developer/DAV/pitch-game/output_files/pitch_game_top.map.smsg
Info (16010): Generating hard_block partition "hard_block:auto_generated_inst"
    Info (16011): Adding 0 node(s), including 0 DDIO, 0 PLL, 0 transceiver and 0 LCELL
Info (21057): Implemented 15 device resources after synthesis - the final resource count might be different
    Info (21058): Implemented 0 input pins
    Info (21059): Implemented 15 output pins
Info: Quartus Prime Analysis & Synthesis was successful. 0 errors, 27 warnings
    Info: Peak virtual memory: 4762 megabytes
    Info: Processing ended: Sat May 24 22:39:26 2025
    Info: Elapsed time: 00:00:06
    Info: Total CPU time (on all processors): 00:00:14


+------------------------------------------+
; Analysis & Synthesis Suppressed Messages ;
+------------------------------------------+
The suppressed messages can be found in C:/Users/jonathanxue/Developer/DAV/pitch-game/output_files/pitch_game_top.map.smsg.


