------------------------------------------------------------
Timing Analyzer Summary
------------------------------------------------------------

Type  : Slow 1200mV 85C Model Setup 'mic_clk'
Slack : -892.318
TNS   : -6245.392

Type  : Slow 1200mV 85C Model Setup 'clk'
Slack : -257.450
TNS   : -39888.713

Type  : Slow 1200mV 85C Model Setup 'get_height_inst|mic_inst|adc_mega_0|ADC_CTRL|adc_pll|auto_generated|pll1|clk[0]'
Slack : -11.175
TNS   : -66.462

Type  : Slow 1200mV 85C Model Setup 'clock_divider:game_clock_divider|clk_out'
Slack : -3.724
TNS   : -17.854

Type  : Slow 1200mV 85C Model Setup 'clock_divider:vga_clock_divider|clk_out'
Slack : -1.576
TNS   : -29.340

Type  : Slow 1200mV 85C Model Hold 'mic_clk'
Slack : 0.262
TNS   : 0.000

Type  : Slow 1200mV 85C Model Hold 'clock_divider:game_clock_divider|clk_out'
Slack : 0.326
TNS   : 0.000

Type  : Slow 1200mV 85C Model Hold 'clk'
Slack : 0.340
TNS   : 0.000

Type  : Slow 1200mV 85C Model Hold 'clock_divider:vga_clock_divider|clk_out'
Slack : 0.437
TNS   : 0.000

Type  : Slow 1200mV 85C Model Hold 'get_height_inst|mic_inst|adc_mega_0|ADC_CTRL|adc_pll|auto_generated|pll1|clk[0]'
Slack : 6.050
TNS   : 0.000

Type  : Slow 1200mV 85C Model Minimum Pulse Width 'clk'
Slack : -3.000
TNS   : -6457.025

Type  : Slow 1200mV 85C Model Minimum Pulse Width 'clock_divider:vga_clock_divider|clk_out'
Slack : -1.403
TNS   : -28.060

Type  : Slow 1200mV 85C Model Minimum Pulse Width 'clock_divider:game_clock_divider|clk_out'
Slack : -1.403
TNS   : -14.030

Type  : Slow 1200mV 85C Model Minimum Pulse Width 'get_height_inst|mic_inst|adc_mega_0|ADC_CTRL|adc_pll|auto_generated|pll1|clk[0]'
Slack : 4.575
TNS   : 0.000

Type  : Slow 1200mV 85C Model Minimum Pulse Width 'mic_clk'
Slack : 4.581
TNS   : 0.000

Type  : Slow 1200mV 0C Model Setup 'mic_clk'
Slack : -884.218
TNS   : -6188.758

Type  : Slow 1200mV 0C Model Setup 'clk'
Slack : -233.591
TNS   : -36530.616

Type  : Slow 1200mV 0C Model Setup 'get_height_inst|mic_inst|adc_mega_0|ADC_CTRL|adc_pll|auto_generated|pll1|clk[0]'
Slack : -9.784
TNS   : -57.898

Type  : Slow 1200mV 0C Model Setup 'clock_divider:game_clock_divider|clk_out'
Slack : -3.295
TNS   : -15.281

Type  : Slow 1200mV 0C Model Setup 'clock_divider:vga_clock_divider|clk_out'
Slack : -1.356
TNS   : -25.260

Type  : Slow 1200mV 0C Model Hold 'mic_clk'
Slack : 0.264
TNS   : 0.000

Type  : Slow 1200mV 0C Model Hold 'clock_divider:game_clock_divider|clk_out'
Slack : 0.292
TNS   : 0.000

Type  : Slow 1200mV 0C Model Hold 'clk'
Slack : 0.305
TNS   : 0.000

Type  : Slow 1200mV 0C Model Hold 'clock_divider:vga_clock_divider|clk_out'
Slack : 0.401
TNS   : 0.000

Type  : Slow 1200mV 0C Model Hold 'get_height_inst|mic_inst|adc_mega_0|ADC_CTRL|adc_pll|auto_generated|pll1|clk[0]'
Slack : 4.787
TNS   : 0.000

Type  : Slow 1200mV 0C Model Minimum Pulse Width 'clk'
Slack : -3.000
TNS   : -6440.243

Type  : Slow 1200mV 0C Model Minimum Pulse Width 'clock_divider:vga_clock_divider|clk_out'
Slack : -1.403
TNS   : -28.060

Type  : Slow 1200mV 0C Model Minimum Pulse Width 'clock_divider:game_clock_divider|clk_out'
Slack : -1.403
TNS   : -14.030

Type  : Slow 1200mV 0C Model Minimum Pulse Width 'mic_clk'
Slack : 4.609
TNS   : 0.000

Type  : Slow 1200mV 0C Model Minimum Pulse Width 'get_height_inst|mic_inst|adc_mega_0|ADC_CTRL|adc_pll|auto_generated|pll1|clk[0]'
Slack : 4.631
TNS   : 0.000

Type  : Fast 1200mV 0C Model Setup 'mic_clk'
Slack : -844.182
TNS   : -5908.974

Type  : Fast 1200mV 0C Model Setup 'clk'
Slack : -106.772
TNS   : -16528.599

Type  : Fast 1200mV 0C Model Setup 'get_height_inst|mic_inst|adc_mega_0|ADC_CTRL|adc_pll|auto_generated|pll1|clk[0]'
Slack : -3.757
TNS   : -21.602

Type  : Fast 1200mV 0C Model Setup 'clock_divider:game_clock_divider|clk_out'
Slack : -1.010
TNS   : -1.935

Type  : Fast 1200mV 0C Model Setup 'clock_divider:vga_clock_divider|clk_out'
Slack : -0.113
TNS   : -1.130

Type  : Fast 1200mV 0C Model Hold 'get_height_inst|mic_inst|adc_mega_0|ADC_CTRL|adc_pll|auto_generated|pll1|clk[0]'
Slack : -0.063
TNS   : -0.078

Type  : Fast 1200mV 0C Model Hold 'mic_clk'
Slack : 0.107
TNS   : 0.000

Type  : Fast 1200mV 0C Model Hold 'clock_divider:game_clock_divider|clk_out'
Slack : 0.143
TNS   : 0.000

Type  : Fast 1200mV 0C Model Hold 'clk'
Slack : 0.148
TNS   : 0.000

Type  : Fast 1200mV 0C Model Hold 'clock_divider:vga_clock_divider|clk_out'
Slack : 0.175
TNS   : 0.000

Type  : Fast 1200mV 0C Model Minimum Pulse Width 'clk'
Slack : -3.000
TNS   : -3719.600

Type  : Fast 1200mV 0C Model Minimum Pulse Width 'clock_divider:vga_clock_divider|clk_out'
Slack : -1.000
TNS   : -20.000

Type  : Fast 1200mV 0C Model Minimum Pulse Width 'clock_divider:game_clock_divider|clk_out'
Slack : -1.000
TNS   : -10.000

Type  : Fast 1200mV 0C Model Minimum Pulse Width 'mic_clk'
Slack : 4.408
TNS   : 0.000

Type  : Fast 1200mV 0C Model Minimum Pulse Width 'get_height_inst|mic_inst|adc_mega_0|ADC_CTRL|adc_pll|auto_generated|pll1|clk[0]'
Slack : 4.903
TNS   : 0.000

------------------------------------------------------------
