------------------------------------------------------------
Timing Analyzer Summary
------------------------------------------------------------

Type  : Slow 1200mV 85C Model Setup 'clk'
Slack : -2.991
TNS   : -187.221

Type  : Slow 1200mV 85C Model Setup 'clock_divider:vga_clock_divider|clk_out'
Slack : -1.747
TNS   : -31.241

Type  : Slow 1200mV 85C Model Setup 'clock_divider:game_clock_divider|clk_out'
Slack : -1.161
TNS   : -7.401

Type  : Slow 1200mV 85C Model Hold 'clock_divider:game_clock_divider|clk_out'
Slack : 0.348
TNS   : 0.000

Type  : Slow 1200mV 85C Model Hold 'clock_divider:vga_clock_divider|clk_out'
Slack : 0.626
TNS   : 0.000

Type  : Slow 1200mV 85C Model Hold 'clk'
Slack : 0.645
TNS   : 0.000

Type  : Slow 1200mV 85C Model Minimum Pulse Width 'clk'
Slack : -3.000
TNS   : -95.598

Type  : Slow 1200mV 85C Model Minimum Pulse Width 'clock_divider:vga_clock_divider|clk_out'
Slack : -1.403
TNS   : -28.060

Type  : Slow 1200mV 85C Model Minimum Pulse Width 'clock_divider:game_clock_divider|clk_out'
Slack : -1.403
TNS   : -14.030

Type  : Slow 1200mV 0C Model Setup 'clk'
Slack : -2.699
TNS   : -168.271

Type  : Slow 1200mV 0C Model Setup 'clock_divider:vga_clock_divider|clk_out'
Slack : -1.530
TNS   : -27.116

Type  : Slow 1200mV 0C Model Setup 'clock_divider:game_clock_divider|clk_out'
Slack : -0.959
TNS   : -6.004

Type  : Slow 1200mV 0C Model Hold 'clock_divider:game_clock_divider|clk_out'
Slack : 0.312
TNS   : 0.000

Type  : Slow 1200mV 0C Model Hold 'clock_divider:vga_clock_divider|clk_out'
Slack : 0.565
TNS   : 0.000

Type  : Slow 1200mV 0C Model Hold 'clk'
Slack : 0.596
TNS   : 0.000

Type  : Slow 1200mV 0C Model Minimum Pulse Width 'clk'
Slack : -3.000
TNS   : -95.598

Type  : Slow 1200mV 0C Model Minimum Pulse Width 'clock_divider:vga_clock_divider|clk_out'
Slack : -1.403
TNS   : -28.060

Type  : Slow 1200mV 0C Model Minimum Pulse Width 'clock_divider:game_clock_divider|clk_out'
Slack : -1.403
TNS   : -14.030

Type  : Fast 1200mV 0C Model Setup 'clk'
Slack : -0.713
TNS   : -40.671

Type  : Fast 1200mV 0C Model Setup 'clock_divider:vga_clock_divider|clk_out'
Slack : -0.125
TNS   : -1.125

Type  : Fast 1200mV 0C Model Setup 'clock_divider:game_clock_divider|clk_out'
Slack : 0.142
TNS   : 0.000

Type  : Fast 1200mV 0C Model Hold 'clock_divider:game_clock_divider|clk_out'
Slack : 0.152
TNS   : 0.000

Type  : Fast 1200mV 0C Model Hold 'clock_divider:vga_clock_divider|clk_out'
Slack : 0.236
TNS   : 0.000

Type  : Fast 1200mV 0C Model Hold 'clk'
Slack : 0.250
TNS   : 0.000

Type  : Fast 1200mV 0C Model Minimum Pulse Width 'clk'
Slack : -3.000
TNS   : -71.111

Type  : Fast 1200mV 0C Model Minimum Pulse Width 'clock_divider:vga_clock_divider|clk_out'
Slack : -1.000
TNS   : -20.000

Type  : Fast 1200mV 0C Model Minimum Pulse Width 'clock_divider:game_clock_divider|clk_out'
Slack : -1.000
TNS   : -10.000

------------------------------------------------------------
